// Jest Snapshot v1, https://goo.gl/fbAQLP

exports[`Pages Root Snapshot Index 1`] = `<Home />`;
