// Jest Snapshot v1, https://goo.gl/fbAQLP

exports[`Project Folder Snapshot serverId 1`] = `undefined`;
