// Jest Snapshot v1, https://goo.gl/fbAQLP

exports[`BackendTest Render BackendTest 1`] = `
<div>
  <h4>
    API URL: 
  </h4>
  <p>
    API data: 
    []
  </p>
</div>
`;
